13:18:56.676 [AWT-EventQueue-0] INFO  c.b.actions.EnableBrowserStack - Setting enable browserstack run update
13:18:56.692 [AWT-EventQueue-0] INFO  c.b.actions.DisableBrowserStack - Setting disable browserstack run update
13:19:25.138 [AWT-EventQueue-0] INFO  c.b.launchers.LaunchMavenCommand - Integrate source: java:appium-intellij:v1.1.4
13:19:25.138 [AWT-EventQueue-0] INFO  c.b.launchers.LaunchMavenCommand - Executing maven archetype command - browserstack-sdk-archetype-integrate
13:19:25.245 [ApplicationImpl pooled thread 14] INFO  c.b.l.BrowserStackRunExtension - maven
13:19:25.245 [ApplicationImpl pooled thread 14] INFO  com.browserstack.utils.Helpers - null
13:19:33.994 [java.exe] INFO  c.b.launchers.LaunchMavenCommand - Completed maven archetype command
13:29:35.590 [ApplicationImpl pooled thread 86] INFO  c.b.l.BrowserStackRunExtension - testng
13:29:35.590 [ApplicationImpl pooled thread 86] INFO  com.browserstack.utils.Helpers - true
13:29:35.590 [ApplicationImpl pooled thread 86] INFO  com.browserstack.utils.Helpers - C:/Users/Hp/.m2/repository/com/browserstack/browserstack-java-sdk/1.20.2/browserstack-java-sdk-1.20.2.jar
13:29:35.591 [ApplicationImpl pooled thread 86] INFO  c.b.l.BrowserStackRunExtension - Agent path: C:/Users/Hp/.m2/repository/com/browserstack/browserstack-java-sdk/1.20.2/browserstack-java-sdk-1.20.2.jar
13:29:35.591 [ApplicationImpl pooled thread 86] INFO  c.b.l.BrowserStackRunExtension - Plugin version: v1.1.4
13:30:27.335 [ApplicationImpl pooled thread 94] INFO  c.b.l.BrowserStackRunExtension - testng
13:30:27.335 [ApplicationImpl pooled thread 94] INFO  com.browserstack.utils.Helpers - true
13:30:27.335 [ApplicationImpl pooled thread 94] INFO  com.browserstack.utils.Helpers - C:/Users/Hp/.m2/repository/com/browserstack/browserstack-java-sdk/1.20.2/browserstack-java-sdk-1.20.2.jar
13:30:27.335 [ApplicationImpl pooled thread 94] INFO  c.b.l.BrowserStackRunExtension - Agent path: C:/Users/Hp/.m2/repository/com/browserstack/browserstack-java-sdk/1.20.2/browserstack-java-sdk-1.20.2.jar
13:30:27.335 [ApplicationImpl pooled thread 94] INFO  c.b.l.BrowserStackRunExtension - Plugin version: v1.1.4
13:36:34.824 [ApplicationImpl pooled thread 97] INFO  c.b.l.BrowserStackRunExtension - testng
13:36:34.824 [ApplicationImpl pooled thread 97] INFO  com.browserstack.utils.Helpers - true
13:36:34.824 [ApplicationImpl pooled thread 97] INFO  com.browserstack.utils.Helpers - C:/Users/Hp/.m2/repository/com/browserstack/browserstack-java-sdk/1.20.2/browserstack-java-sdk-1.20.2.jar
13:36:34.824 [ApplicationImpl pooled thread 97] INFO  c.b.l.BrowserStackRunExtension - Agent path: C:/Users/Hp/.m2/repository/com/browserstack/browserstack-java-sdk/1.20.2/browserstack-java-sdk-1.20.2.jar
13:36:34.824 [ApplicationImpl pooled thread 97] INFO  c.b.l.BrowserStackRunExtension - Plugin version: v1.1.4
13:37:13.364 [ApplicationImpl pooled thread 115] INFO  c.b.l.BrowserStackRunExtension - testng
13:37:13.364 [ApplicationImpl pooled thread 115] INFO  com.browserstack.utils.Helpers - true
13:37:13.364 [ApplicationImpl pooled thread 115] INFO  com.browserstack.utils.Helpers - C:/Users/Hp/.m2/repository/com/browserstack/browserstack-java-sdk/1.20.2/browserstack-java-sdk-1.20.2.jar
13:37:13.365 [ApplicationImpl pooled thread 115] INFO  c.b.l.BrowserStackRunExtension - Agent path: C:/Users/Hp/.m2/repository/com/browserstack/browserstack-java-sdk/1.20.2/browserstack-java-sdk-1.20.2.jar
13:37:13.365 [ApplicationImpl pooled thread 115] INFO  c.b.l.BrowserStackRunExtension - Plugin version: v1.1.4
13:41:12.878 [AWT-EventQueue-0] INFO  c.b.actions.EnableBrowserStack - Setting enable browserstack run update
13:41:12.878 [AWT-EventQueue-0] INFO  com.browserstack.utils.Helpers - C:/Users/Hp/.m2/repository/com/browserstack/browserstack-java-sdk/1.20.2/browserstack-java-sdk-1.20.2.jar
13:41:12.878 [AWT-EventQueue-0] INFO  com.browserstack.utils.Helpers - true
13:41:12.885 [AWT-EventQueue-0] INFO  c.b.actions.DisableBrowserStack - Setting disable browserstack run update
13:41:12.885 [AWT-EventQueue-0] INFO  com.browserstack.utils.Helpers - C:/Users/Hp/.m2/repository/com/browserstack/browserstack-java-sdk/1.20.2/browserstack-java-sdk-1.20.2.jar
13:41:12.885 [AWT-EventQueue-0] INFO  com.browserstack.utils.Helpers - true
13:41:23.655 [ApplicationImpl pooled thread 127] INFO  c.b.l.BrowserStackRunExtension - testng
13:41:23.655 [ApplicationImpl pooled thread 127] INFO  com.browserstack.utils.Helpers - true
13:41:23.656 [ApplicationImpl pooled thread 127] INFO  com.browserstack.utils.Helpers - C:/Users/Hp/.m2/repository/com/browserstack/browserstack-java-sdk/1.20.2/browserstack-java-sdk-1.20.2.jar
13:41:23.656 [ApplicationImpl pooled thread 127] INFO  c.b.l.BrowserStackRunExtension - Agent path: C:/Users/Hp/.m2/repository/com/browserstack/browserstack-java-sdk/1.20.2/browserstack-java-sdk-1.20.2.jar
13:41:23.656 [ApplicationImpl pooled thread 127] INFO  c.b.l.BrowserStackRunExtension - Plugin version: v1.1.4
13:42:36.258 [ApplicationImpl pooled thread 123] INFO  c.b.l.BrowserStackRunExtension - testng
13:42:36.259 [ApplicationImpl pooled thread 123] INFO  com.browserstack.utils.Helpers - true
13:42:36.260 [ApplicationImpl pooled thread 123] INFO  com.browserstack.utils.Helpers - C:/Users/Hp/.m2/repository/com/browserstack/browserstack-java-sdk/1.20.2/browserstack-java-sdk-1.20.2.jar
13:42:36.260 [ApplicationImpl pooled thread 123] INFO  c.b.l.BrowserStackRunExtension - Agent path: C:/Users/Hp/.m2/repository/com/browserstack/browserstack-java-sdk/1.20.2/browserstack-java-sdk-1.20.2.jar
13:42:36.260 [ApplicationImpl pooled thread 123] INFO  c.b.l.BrowserStackRunExtension - Plugin version: v1.1.4
13:44:27.280 [ApplicationImpl pooled thread 136] INFO  c.b.l.BrowserStackRunExtension - testng
13:44:27.280 [ApplicationImpl pooled thread 136] INFO  com.browserstack.utils.Helpers - true
13:44:27.281 [ApplicationImpl pooled thread 136] INFO  com.browserstack.utils.Helpers - C:/Users/Hp/.m2/repository/com/browserstack/browserstack-java-sdk/1.20.2/browserstack-java-sdk-1.20.2.jar
13:44:27.281 [ApplicationImpl pooled thread 136] INFO  c.b.l.BrowserStackRunExtension - Agent path: C:/Users/Hp/.m2/repository/com/browserstack/browserstack-java-sdk/1.20.2/browserstack-java-sdk-1.20.2.jar
13:44:27.281 [ApplicationImpl pooled thread 136] INFO  c.b.l.BrowserStackRunExtension - Plugin version: v1.1.4
13:47:38.822 [ApplicationImpl pooled thread 6] INFO  c.b.l.BrowserStackRunExtension - testng
13:47:38.824 [ApplicationImpl pooled thread 6] INFO  com.browserstack.utils.Helpers - true
13:47:38.825 [ApplicationImpl pooled thread 6] INFO  com.browserstack.utils.Helpers - C:/Users/Hp/.m2/repository/com/browserstack/browserstack-java-sdk/1.20.2/browserstack-java-sdk-1.20.2.jar
13:47:38.826 [ApplicationImpl pooled thread 6] INFO  c.b.l.BrowserStackRunExtension - Agent path: C:/Users/Hp/.m2/repository/com/browserstack/browserstack-java-sdk/1.20.2/browserstack-java-sdk-1.20.2.jar
13:47:38.826 [ApplicationImpl pooled thread 6] INFO  c.b.l.BrowserStackRunExtension - Plugin version: v1.1.4
13:49:55.096 [ApplicationImpl pooled thread 18] INFO  c.b.l.BrowserStackRunExtension - testng
13:49:55.096 [ApplicationImpl pooled thread 18] INFO  com.browserstack.utils.Helpers - true
13:49:55.097 [ApplicationImpl pooled thread 18] INFO  com.browserstack.utils.Helpers - C:/Users/Hp/.m2/repository/com/browserstack/browserstack-java-sdk/1.20.2/browserstack-java-sdk-1.20.2.jar
13:49:55.097 [ApplicationImpl pooled thread 18] INFO  c.b.l.BrowserStackRunExtension - Agent path: C:/Users/Hp/.m2/repository/com/browserstack/browserstack-java-sdk/1.20.2/browserstack-java-sdk-1.20.2.jar
13:49:55.097 [ApplicationImpl pooled thread 18] INFO  c.b.l.BrowserStackRunExtension - Plugin version: v1.1.4
13:50:48.415 [ApplicationImpl pooled thread 37] INFO  c.b.l.BrowserStackRunExtension - testng
13:50:48.415 [ApplicationImpl pooled thread 37] INFO  com.browserstack.utils.Helpers - true
13:50:48.415 [ApplicationImpl pooled thread 37] INFO  com.browserstack.utils.Helpers - C:/Users/Hp/.m2/repository/com/browserstack/browserstack-java-sdk/1.20.2/browserstack-java-sdk-1.20.2.jar
13:50:48.415 [ApplicationImpl pooled thread 37] INFO  c.b.l.BrowserStackRunExtension - Agent path: C:/Users/Hp/.m2/repository/com/browserstack/browserstack-java-sdk/1.20.2/browserstack-java-sdk-1.20.2.jar
13:50:48.415 [ApplicationImpl pooled thread 37] INFO  c.b.l.BrowserStackRunExtension - Plugin version: v1.1.4
13:51:30.519 [ApplicationImpl pooled thread 32] INFO  c.b.l.BrowserStackRunExtension - testng
13:51:30.519 [ApplicationImpl pooled thread 32] INFO  com.browserstack.utils.Helpers - true
13:51:30.519 [ApplicationImpl pooled thread 32] INFO  com.browserstack.utils.Helpers - C:/Users/Hp/.m2/repository/com/browserstack/browserstack-java-sdk/1.20.2/browserstack-java-sdk-1.20.2.jar
13:51:30.519 [ApplicationImpl pooled thread 32] INFO  c.b.l.BrowserStackRunExtension - Agent path: C:/Users/Hp/.m2/repository/com/browserstack/browserstack-java-sdk/1.20.2/browserstack-java-sdk-1.20.2.jar
13:51:30.519 [ApplicationImpl pooled thread 32] INFO  c.b.l.BrowserStackRunExtension - Plugin version: v1.1.4
13:52:30.696 [ApplicationImpl pooled thread 37] INFO  c.b.l.BrowserStackRunExtension - testng
13:52:30.697 [ApplicationImpl pooled thread 37] INFO  com.browserstack.utils.Helpers - true
13:52:30.697 [ApplicationImpl pooled thread 37] INFO  com.browserstack.utils.Helpers - C:/Users/Hp/.m2/repository/com/browserstack/browserstack-java-sdk/1.20.2/browserstack-java-sdk-1.20.2.jar
13:52:30.697 [ApplicationImpl pooled thread 37] INFO  c.b.l.BrowserStackRunExtension - Agent path: C:/Users/Hp/.m2/repository/com/browserstack/browserstack-java-sdk/1.20.2/browserstack-java-sdk-1.20.2.jar
13:52:30.697 [ApplicationImpl pooled thread 37] INFO  c.b.l.BrowserStackRunExtension - Plugin version: v1.1.4
14:01:09.871 [ApplicationImpl pooled thread 30] INFO  c.b.l.BrowserStackRunExtension - testng
14:01:09.873 [ApplicationImpl pooled thread 30] INFO  com.browserstack.utils.Helpers - true
14:01:09.875 [ApplicationImpl pooled thread 30] INFO  com.browserstack.utils.Helpers - C:/Users/Hp/.m2/repository/com/browserstack/browserstack-java-sdk/1.20.2/browserstack-java-sdk-1.20.2.jar
14:01:09.875 [ApplicationImpl pooled thread 30] INFO  c.b.l.BrowserStackRunExtension - Agent path: C:/Users/Hp/.m2/repository/com/browserstack/browserstack-java-sdk/1.20.2/browserstack-java-sdk-1.20.2.jar
14:01:09.875 [ApplicationImpl pooled thread 30] INFO  c.b.l.BrowserStackRunExtension - Plugin version: v1.1.4
14:02:01.057 [ApplicationImpl pooled thread 35] INFO  c.b.l.BrowserStackRunExtension - testng
14:02:01.057 [ApplicationImpl pooled thread 35] INFO  com.browserstack.utils.Helpers - true
14:02:01.058 [ApplicationImpl pooled thread 35] INFO  com.browserstack.utils.Helpers - C:/Users/Hp/.m2/repository/com/browserstack/browserstack-java-sdk/1.20.2/browserstack-java-sdk-1.20.2.jar
14:02:01.058 [ApplicationImpl pooled thread 35] INFO  c.b.l.BrowserStackRunExtension - Agent path: C:/Users/Hp/.m2/repository/com/browserstack/browserstack-java-sdk/1.20.2/browserstack-java-sdk-1.20.2.jar
14:02:01.058 [ApplicationImpl pooled thread 35] INFO  c.b.l.BrowserStackRunExtension - Plugin version: v1.1.4
14:03:11.630 [ApplicationImpl pooled thread 36] INFO  c.b.l.BrowserStackRunExtension - testng
14:03:11.630 [ApplicationImpl pooled thread 36] INFO  com.browserstack.utils.Helpers - true
14:03:11.631 [ApplicationImpl pooled thread 36] INFO  com.browserstack.utils.Helpers - C:/Users/Hp/.m2/repository/com/browserstack/browserstack-java-sdk/1.20.2/browserstack-java-sdk-1.20.2.jar
14:03:11.631 [ApplicationImpl pooled thread 36] INFO  c.b.l.BrowserStackRunExtension - Agent path: C:/Users/Hp/.m2/repository/com/browserstack/browserstack-java-sdk/1.20.2/browserstack-java-sdk-1.20.2.jar
14:03:11.631 [ApplicationImpl pooled thread 36] INFO  c.b.l.BrowserStackRunExtension - Plugin version: v1.1.4
14:04:12.463 [ApplicationImpl pooled thread 23] INFO  c.b.l.BrowserStackRunExtension - testng
14:04:12.463 [ApplicationImpl pooled thread 23] INFO  com.browserstack.utils.Helpers - true
14:04:12.463 [ApplicationImpl pooled thread 23] INFO  com.browserstack.utils.Helpers - C:/Users/Hp/.m2/repository/com/browserstack/browserstack-java-sdk/1.20.2/browserstack-java-sdk-1.20.2.jar
14:04:12.463 [ApplicationImpl pooled thread 23] INFO  c.b.l.BrowserStackRunExtension - Agent path: C:/Users/Hp/.m2/repository/com/browserstack/browserstack-java-sdk/1.20.2/browserstack-java-sdk-1.20.2.jar
14:04:12.463 [ApplicationImpl pooled thread 23] INFO  c.b.l.BrowserStackRunExtension - Plugin version: v1.1.4
14:10:30.960 [ApplicationImpl pooled thread 46] INFO  c.b.l.BrowserStackRunExtension - testng
14:10:30.960 [ApplicationImpl pooled thread 46] INFO  com.browserstack.utils.Helpers - true
14:10:30.961 [ApplicationImpl pooled thread 46] INFO  com.browserstack.utils.Helpers - C:/Users/Hp/.m2/repository/com/browserstack/browserstack-java-sdk/1.20.2/browserstack-java-sdk-1.20.2.jar
14:10:30.961 [ApplicationImpl pooled thread 46] INFO  c.b.l.BrowserStackRunExtension - Agent path: C:/Users/Hp/.m2/repository/com/browserstack/browserstack-java-sdk/1.20.2/browserstack-java-sdk-1.20.2.jar
14:10:30.961 [ApplicationImpl pooled thread 46] INFO  c.b.l.BrowserStackRunExtension - Plugin version: v1.1.4
14:12:42.881 [ApplicationImpl pooled thread 45] INFO  c.b.l.BrowserStackRunExtension - testng
14:12:42.881 [ApplicationImpl pooled thread 45] INFO  com.browserstack.utils.Helpers - true
14:12:42.882 [ApplicationImpl pooled thread 45] INFO  com.browserstack.utils.Helpers - C:/Users/Hp/.m2/repository/com/browserstack/browserstack-java-sdk/1.20.2/browserstack-java-sdk-1.20.2.jar
14:12:42.882 [ApplicationImpl pooled thread 45] INFO  c.b.l.BrowserStackRunExtension - Agent path: C:/Users/Hp/.m2/repository/com/browserstack/browserstack-java-sdk/1.20.2/browserstack-java-sdk-1.20.2.jar
14:12:42.882 [ApplicationImpl pooled thread 45] INFO  c.b.l.BrowserStackRunExtension - Plugin version: v1.1.4
14:17:13.501 [ApplicationImpl pooled thread 68] INFO  c.b.l.BrowserStackRunExtension - testng
14:17:13.501 [ApplicationImpl pooled thread 68] INFO  com.browserstack.utils.Helpers - true
14:17:13.503 [ApplicationImpl pooled thread 68] INFO  com.browserstack.utils.Helpers - C:/Users/Hp/.m2/repository/com/browserstack/browserstack-java-sdk/1.20.2/browserstack-java-sdk-1.20.2.jar
14:17:13.503 [ApplicationImpl pooled thread 68] INFO  c.b.l.BrowserStackRunExtension - Agent path: C:/Users/Hp/.m2/repository/com/browserstack/browserstack-java-sdk/1.20.2/browserstack-java-sdk-1.20.2.jar
14:17:13.503 [ApplicationImpl pooled thread 68] INFO  c.b.l.BrowserStackRunExtension - Plugin version: v1.1.4
14:18:41.544 [ApplicationImpl pooled thread 48] INFO  c.b.l.BrowserStackRunExtension - testng
14:18:41.544 [ApplicationImpl pooled thread 48] INFO  com.browserstack.utils.Helpers - true
14:18:41.544 [ApplicationImpl pooled thread 48] INFO  com.browserstack.utils.Helpers - C:/Users/Hp/.m2/repository/com/browserstack/browserstack-java-sdk/1.20.2/browserstack-java-sdk-1.20.2.jar
14:18:41.544 [ApplicationImpl pooled thread 48] INFO  c.b.l.BrowserStackRunExtension - Agent path: C:/Users/Hp/.m2/repository/com/browserstack/browserstack-java-sdk/1.20.2/browserstack-java-sdk-1.20.2.jar
14:18:41.544 [ApplicationImpl pooled thread 48] INFO  c.b.l.BrowserStackRunExtension - Plugin version: v1.1.4
14:34:49.860 [ApplicationImpl pooled thread 19] INFO  c.b.l.BrowserStackRunExtension - testng
14:34:49.861 [ApplicationImpl pooled thread 19] INFO  com.browserstack.utils.Helpers - true
14:34:49.862 [ApplicationImpl pooled thread 19] INFO  com.browserstack.utils.Helpers - C:/Users/Hp/.m2/repository/com/browserstack/browserstack-java-sdk/1.20.2/browserstack-java-sdk-1.20.2.jar
14:34:49.862 [ApplicationImpl pooled thread 19] INFO  c.b.l.BrowserStackRunExtension - Agent path: C:/Users/Hp/.m2/repository/com/browserstack/browserstack-java-sdk/1.20.2/browserstack-java-sdk-1.20.2.jar
14:34:49.862 [ApplicationImpl pooled thread 19] INFO  c.b.l.BrowserStackRunExtension - Plugin version: v1.1.4
14:35:16.147 [ApplicationImpl pooled thread 23] INFO  c.b.l.BrowserStackRunExtension - testng
14:35:16.147 [ApplicationImpl pooled thread 23] INFO  com.browserstack.utils.Helpers - true
14:35:16.148 [ApplicationImpl pooled thread 23] INFO  com.browserstack.utils.Helpers - C:/Users/Hp/.m2/repository/com/browserstack/browserstack-java-sdk/1.20.2/browserstack-java-sdk-1.20.2.jar
14:35:16.148 [ApplicationImpl pooled thread 23] INFO  c.b.l.BrowserStackRunExtension - Agent path: C:/Users/Hp/.m2/repository/com/browserstack/browserstack-java-sdk/1.20.2/browserstack-java-sdk-1.20.2.jar
14:35:16.148 [ApplicationImpl pooled thread 23] INFO  c.b.l.BrowserStackRunExtension - Plugin version: v1.1.4
14:38:20.624 [ApplicationImpl pooled thread 32] INFO  c.b.l.BrowserStackRunExtension - maven
14:38:20.624 [ApplicationImpl pooled thread 32] INFO  com.browserstack.utils.Helpers - true
14:39:12.678 [ApplicationImpl pooled thread 36] INFO  c.b.l.BrowserStackRunExtension - testng
14:39:12.678 [ApplicationImpl pooled thread 36] INFO  com.browserstack.utils.Helpers - true
14:39:12.679 [ApplicationImpl pooled thread 36] INFO  com.browserstack.utils.Helpers - C:/Users/Hp/.m2/repository/com/browserstack/browserstack-java-sdk/1.20.2/browserstack-java-sdk-1.20.2.jar
14:39:12.679 [ApplicationImpl pooled thread 36] INFO  c.b.l.BrowserStackRunExtension - Agent path: C:/Users/Hp/.m2/repository/com/browserstack/browserstack-java-sdk/1.20.2/browserstack-java-sdk-1.20.2.jar
14:39:12.679 [ApplicationImpl pooled thread 36] INFO  c.b.l.BrowserStackRunExtension - Plugin version: v1.1.4
14:41:36.409 [ApplicationImpl pooled thread 42] INFO  c.b.l.BrowserStackRunExtension - testng
14:41:36.409 [ApplicationImpl pooled thread 42] INFO  com.browserstack.utils.Helpers - true
14:41:36.409 [ApplicationImpl pooled thread 42] INFO  com.browserstack.utils.Helpers - C:/Users/Hp/.m2/repository/com/browserstack/browserstack-java-sdk/1.20.2/browserstack-java-sdk-1.20.2.jar
14:41:36.409 [ApplicationImpl pooled thread 42] INFO  c.b.l.BrowserStackRunExtension - Agent path: C:/Users/Hp/.m2/repository/com/browserstack/browserstack-java-sdk/1.20.2/browserstack-java-sdk-1.20.2.jar
14:41:36.409 [ApplicationImpl pooled thread 42] INFO  c.b.l.BrowserStackRunExtension - Plugin version: v1.1.4
14:50:49.069 [ApplicationImpl pooled thread 12] INFO  c.b.l.BrowserStackRunExtension - testng
14:50:49.071 [ApplicationImpl pooled thread 12] INFO  com.browserstack.utils.Helpers - true
14:50:49.074 [ApplicationImpl pooled thread 12] INFO  com.browserstack.utils.Helpers - C:/Users/Hp/.m2/repository/com/browserstack/browserstack-java-sdk/1.20.2/browserstack-java-sdk-1.20.2.jar
14:50:49.075 [ApplicationImpl pooled thread 12] INFO  c.b.l.BrowserStackRunExtension - Agent path: C:/Users/Hp/.m2/repository/com/browserstack/browserstack-java-sdk/1.20.2/browserstack-java-sdk-1.20.2.jar
14:50:49.075 [ApplicationImpl pooled thread 12] INFO  c.b.l.BrowserStackRunExtension - Plugin version: v1.1.4
14:54:58.670 [ApplicationImpl pooled thread 13] INFO  c.b.l.BrowserStackRunExtension - testng
14:54:58.670 [ApplicationImpl pooled thread 13] INFO  com.browserstack.utils.Helpers - true
14:54:58.671 [ApplicationImpl pooled thread 13] INFO  com.browserstack.utils.Helpers - C:/Users/Hp/.m2/repository/com/browserstack/browserstack-java-sdk/1.20.2/browserstack-java-sdk-1.20.2.jar
14:54:58.671 [ApplicationImpl pooled thread 13] INFO  c.b.l.BrowserStackRunExtension - Agent path: C:/Users/Hp/.m2/repository/com/browserstack/browserstack-java-sdk/1.20.2/browserstack-java-sdk-1.20.2.jar
14:54:58.671 [ApplicationImpl pooled thread 13] INFO  c.b.l.BrowserStackRunExtension - Plugin version: v1.1.4
14:55:51.201 [ApplicationImpl pooled thread 44] INFO  c.b.l.BrowserStackRunExtension - testng
14:55:51.201 [ApplicationImpl pooled thread 44] INFO  com.browserstack.utils.Helpers - true
14:55:51.201 [ApplicationImpl pooled thread 44] INFO  com.browserstack.utils.Helpers - C:/Users/Hp/.m2/repository/com/browserstack/browserstack-java-sdk/1.20.2/browserstack-java-sdk-1.20.2.jar
14:55:51.201 [ApplicationImpl pooled thread 44] INFO  c.b.l.BrowserStackRunExtension - Agent path: C:/Users/Hp/.m2/repository/com/browserstack/browserstack-java-sdk/1.20.2/browserstack-java-sdk-1.20.2.jar
14:55:51.201 [ApplicationImpl pooled thread 44] INFO  c.b.l.BrowserStackRunExtension - Plugin version: v1.1.4
15:01:58.093 [ApplicationImpl pooled thread 44] INFO  c.b.l.BrowserStackRunExtension - testng
15:01:58.093 [ApplicationImpl pooled thread 44] INFO  com.browserstack.utils.Helpers - true
15:01:58.094 [ApplicationImpl pooled thread 44] INFO  com.browserstack.utils.Helpers - C:/Users/Hp/.m2/repository/com/browserstack/browserstack-java-sdk/1.20.2/browserstack-java-sdk-1.20.2.jar
15:01:58.094 [ApplicationImpl pooled thread 44] INFO  c.b.l.BrowserStackRunExtension - Agent path: C:/Users/Hp/.m2/repository/com/browserstack/browserstack-java-sdk/1.20.2/browserstack-java-sdk-1.20.2.jar
15:01:58.094 [ApplicationImpl pooled thread 44] INFO  c.b.l.BrowserStackRunExtension - Plugin version: v1.1.4
15:02:40.521 [ApplicationImpl pooled thread 68] INFO  c.b.l.BrowserStackRunExtension - testng
15:02:40.521 [ApplicationImpl pooled thread 68] INFO  com.browserstack.utils.Helpers - true
15:02:40.521 [ApplicationImpl pooled thread 68] INFO  com.browserstack.utils.Helpers - C:/Users/Hp/.m2/repository/com/browserstack/browserstack-java-sdk/1.20.2/browserstack-java-sdk-1.20.2.jar
15:02:40.521 [ApplicationImpl pooled thread 68] INFO  c.b.l.BrowserStackRunExtension - Agent path: C:/Users/Hp/.m2/repository/com/browserstack/browserstack-java-sdk/1.20.2/browserstack-java-sdk-1.20.2.jar
15:02:40.521 [ApplicationImpl pooled thread 68] INFO  c.b.l.BrowserStackRunExtension - Plugin version: v1.1.4
15:12:00.878 [AWT-EventQueue-0] INFO  c.b.actions.EnableBrowserStack - Setting enable browserstack run update
15:12:00.888 [AWT-EventQueue-0] INFO  c.b.actions.DisableBrowserStack - Setting disable browserstack run update
15:12:19.514 [AWT-EventQueue-0] INFO  c.b.actions.EnableBrowserStack - Setting enable browserstack run update
15:12:19.524 [AWT-EventQueue-0] INFO  c.b.actions.DisableBrowserStack - Setting disable browserstack run update
15:25:05.803 [AWT-EventQueue-0] INFO  c.b.actions.EnableBrowserStack - Setting enable browserstack run update
15:25:05.812 [AWT-EventQueue-0] INFO  c.b.actions.DisableBrowserStack - Setting disable browserstack run update
15:25:39.779 [AWT-EventQueue-0] INFO  c.b.actions.EnableBrowserStack - Setting enable browserstack run update
15:25:39.787 [AWT-EventQueue-0] INFO  c.b.actions.DisableBrowserStack - Setting disable browserstack run update
21:43:40.526 [ApplicationImpl pooled thread 330] INFO  c.b.l.BrowserStackRunExtension - testng
21:43:40.527 [ApplicationImpl pooled thread 330] INFO  com.browserstack.utils.Helpers - true
21:43:40.528 [ApplicationImpl pooled thread 330] INFO  c.b.l.BrowserStackRunExtension - Agent path: null
21:45:11.307 [ApplicationImpl pooled thread 354] INFO  c.b.l.BrowserStackRunExtension - testng
21:45:11.307 [ApplicationImpl pooled thread 354] INFO  com.browserstack.utils.Helpers - true
21:45:11.307 [ApplicationImpl pooled thread 354] INFO  c.b.l.BrowserStackRunExtension - Agent path: null
21:45:46.324 [ApplicationImpl pooled thread 333] INFO  c.b.l.BrowserStackRunExtension - testng
21:45:46.324 [ApplicationImpl pooled thread 333] INFO  com.browserstack.utils.Helpers - true
21:45:46.325 [ApplicationImpl pooled thread 333] INFO  c.b.l.BrowserStackRunExtension - Agent path: null
21:47:08.978 [ApplicationImpl pooled thread 359] INFO  c.b.l.BrowserStackRunExtension - testng
21:47:08.978 [ApplicationImpl pooled thread 359] INFO  com.browserstack.utils.Helpers - true
21:47:08.978 [ApplicationImpl pooled thread 359] INFO  c.b.l.BrowserStackRunExtension - Agent path: null
21:47:46.802 [ApplicationImpl pooled thread 334] INFO  c.b.l.BrowserStackRunExtension - testng
21:47:46.803 [ApplicationImpl pooled thread 334] INFO  com.browserstack.utils.Helpers - true
21:47:46.803 [ApplicationImpl pooled thread 334] INFO  c.b.l.BrowserStackRunExtension - Agent path: null
21:51:58.507 [ApplicationImpl pooled thread 41] INFO  c.b.l.BrowserStackRunExtension - testng
21:51:58.509 [ApplicationImpl pooled thread 41] INFO  com.browserstack.utils.Helpers - true
21:51:58.510 [ApplicationImpl pooled thread 41] INFO  com.browserstack.utils.Helpers - C:/Users/Hp/.m2/repository/com/browserstack/browserstack-java-sdk/1.20.2/browserstack-java-sdk-1.20.2.jar
21:51:58.510 [ApplicationImpl pooled thread 41] INFO  c.b.l.BrowserStackRunExtension - Agent path: C:/Users/Hp/.m2/repository/com/browserstack/browserstack-java-sdk/1.20.2/browserstack-java-sdk-1.20.2.jar
21:51:58.510 [ApplicationImpl pooled thread 41] INFO  c.b.l.BrowserStackRunExtension - Plugin version: v1.1.4
22:02:11.192 [ApplicationImpl pooled thread 72] INFO  c.b.l.BrowserStackRunExtension - testng
22:02:11.192 [ApplicationImpl pooled thread 72] INFO  com.browserstack.utils.Helpers - true
22:02:11.193 [ApplicationImpl pooled thread 72] INFO  com.browserstack.utils.Helpers - C:/Users/Hp/.m2/repository/com/browserstack/browserstack-java-sdk/1.20.2/browserstack-java-sdk-1.20.2.jar
22:02:11.193 [ApplicationImpl pooled thread 72] INFO  c.b.l.BrowserStackRunExtension - Agent path: C:/Users/Hp/.m2/repository/com/browserstack/browserstack-java-sdk/1.20.2/browserstack-java-sdk-1.20.2.jar
22:02:11.193 [ApplicationImpl pooled thread 72] INFO  c.b.l.BrowserStackRunExtension - Plugin version: v1.1.4
22:02:59.802 [ApplicationImpl pooled thread 66] INFO  c.b.l.BrowserStackRunExtension - testng
22:02:59.802 [ApplicationImpl pooled thread 66] INFO  com.browserstack.utils.Helpers - true
22:02:59.803 [ApplicationImpl pooled thread 66] INFO  com.browserstack.utils.Helpers - C:/Users/Hp/.m2/repository/com/browserstack/browserstack-java-sdk/1.20.2/browserstack-java-sdk-1.20.2.jar
22:02:59.803 [ApplicationImpl pooled thread 66] INFO  c.b.l.BrowserStackRunExtension - Agent path: C:/Users/Hp/.m2/repository/com/browserstack/browserstack-java-sdk/1.20.2/browserstack-java-sdk-1.20.2.jar
22:02:59.803 [ApplicationImpl pooled thread 66] INFO  c.b.l.BrowserStackRunExtension - Plugin version: v1.1.4
17:28:47.600 [AWT-EventQueue-0] INFO  c.b.actions.EnableBrowserStack - Setting enable browserstack run update
17:28:47.604 [AWT-EventQueue-0] INFO  com.browserstack.utils.Helpers - C:/Users/Hp/.m2/repository/com/browserstack/browserstack-java-sdk/1.20.2/browserstack-java-sdk-1.20.2.jar
17:28:47.604 [AWT-EventQueue-0] INFO  com.browserstack.utils.Helpers - true
17:28:47.610 [AWT-EventQueue-0] INFO  c.b.actions.DisableBrowserStack - Setting disable browserstack run update
17:28:47.611 [AWT-EventQueue-0] INFO  com.browserstack.utils.Helpers - C:/Users/Hp/.m2/repository/com/browserstack/browserstack-java-sdk/1.20.2/browserstack-java-sdk-1.20.2.jar
17:28:47.611 [AWT-EventQueue-0] INFO  com.browserstack.utils.Helpers - true
17:29:01.518 [AWT-EventQueue-0] INFO  c.b.actions.DisableBrowserStack - Setting disable browserstack run update
17:29:01.519 [AWT-EventQueue-0] INFO  com.browserstack.utils.Helpers - C:/Users/Hp/.m2/repository/com/browserstack/browserstack-java-sdk/1.20.2/browserstack-java-sdk-1.20.2.jar
17:29:01.519 [AWT-EventQueue-0] INFO  com.browserstack.utils.Helpers - true
17:29:01.525 [AWT-EventQueue-0] INFO  c.b.actions.DisableBrowserStack - Disabling BrowserStack Run
17:29:01.525 [AWT-EventQueue-0] INFO  com.browserstack.utils.Helpers - setting browserstack enabled to false
17:29:03.815 [AWT-EventQueue-0] INFO  c.b.actions.EnableBrowserStack - Setting enable browserstack run update
17:29:03.816 [AWT-EventQueue-0] INFO  com.browserstack.utils.Helpers - C:/Users/Hp/.m2/repository/com/browserstack/browserstack-java-sdk/1.20.2/browserstack-java-sdk-1.20.2.jar
17:29:03.816 [AWT-EventQueue-0] INFO  com.browserstack.utils.Helpers - false
17:29:03.822 [AWT-EventQueue-0] INFO  c.b.actions.DisableBrowserStack - Setting disable browserstack run update
17:29:03.822 [AWT-EventQueue-0] INFO  com.browserstack.utils.Helpers - C:/Users/Hp/.m2/repository/com/browserstack/browserstack-java-sdk/1.20.2/browserstack-java-sdk-1.20.2.jar
17:29:03.822 [AWT-EventQueue-0] INFO  com.browserstack.utils.Helpers - false
17:31:04.129 [ApplicationImpl pooled thread 178] INFO  c.b.l.BrowserStackRunExtension - testng
17:31:04.130 [ApplicationImpl pooled thread 178] INFO  com.browserstack.utils.Helpers - false
19:17:27.572 [AWT-EventQueue-0] INFO  c.b.actions.EnableBrowserStack - Setting enable browserstack run update
19:17:27.577 [AWT-EventQueue-0] INFO  com.browserstack.utils.Helpers - C:/Users/Hp/.m2/repository/com/browserstack/browserstack-java-sdk/1.20.2/browserstack-java-sdk-1.20.2.jar
19:17:27.577 [AWT-EventQueue-0] INFO  com.browserstack.utils.Helpers - false
19:17:27.594 [AWT-EventQueue-0] INFO  c.b.actions.DisableBrowserStack - Setting disable browserstack run update
19:17:27.594 [AWT-EventQueue-0] INFO  com.browserstack.utils.Helpers - C:/Users/Hp/.m2/repository/com/browserstack/browserstack-java-sdk/1.20.2/browserstack-java-sdk-1.20.2.jar
19:17:27.594 [AWT-EventQueue-0] INFO  com.browserstack.utils.Helpers - false
21:28:53.745 [ApplicationImpl pooled thread 421] INFO  c.b.l.BrowserStackRunExtension - testng
21:28:53.745 [ApplicationImpl pooled thread 421] INFO  com.browserstack.utils.Helpers - false
12:09:36.644 [AWT-EventQueue-0] INFO  c.b.actions.EnableBrowserStack - Setting enable browserstack run update
12:09:36.647 [AWT-EventQueue-0] INFO  com.browserstack.utils.Helpers - C:/Users/Hp/.m2/repository/com/browserstack/browserstack-java-sdk/1.20.2/browserstack-java-sdk-1.20.2.jar
12:09:36.647 [AWT-EventQueue-0] INFO  com.browserstack.utils.Helpers - false
12:09:36.655 [AWT-EventQueue-0] INFO  c.b.actions.DisableBrowserStack - Setting disable browserstack run update
12:09:36.656 [AWT-EventQueue-0] INFO  com.browserstack.utils.Helpers - C:/Users/Hp/.m2/repository/com/browserstack/browserstack-java-sdk/1.20.2/browserstack-java-sdk-1.20.2.jar
12:09:36.656 [AWT-EventQueue-0] INFO  com.browserstack.utils.Helpers - false
12:09:48.662 [AWT-EventQueue-0] INFO  c.b.actions.EnableBrowserStack - Setting enable browserstack run update
12:09:48.662 [AWT-EventQueue-0] INFO  com.browserstack.utils.Helpers - C:/Users/Hp/.m2/repository/com/browserstack/browserstack-java-sdk/1.20.2/browserstack-java-sdk-1.20.2.jar
12:09:48.662 [AWT-EventQueue-0] INFO  com.browserstack.utils.Helpers - false
12:09:48.670 [AWT-EventQueue-0] INFO  c.b.actions.DisableBrowserStack - Setting disable browserstack run update
12:09:48.670 [AWT-EventQueue-0] INFO  com.browserstack.utils.Helpers - C:/Users/Hp/.m2/repository/com/browserstack/browserstack-java-sdk/1.20.2/browserstack-java-sdk-1.20.2.jar
12:09:48.670 [AWT-EventQueue-0] INFO  com.browserstack.utils.Helpers - false
16:02:24.681 [ApplicationImpl pooled thread 45] INFO  c.b.l.BrowserStackRunExtension - testng
16:02:24.683 [ApplicationImpl pooled thread 45] INFO  com.browserstack.utils.Helpers - false
16:19:12.999 [ApplicationImpl pooled thread 67] INFO  c.b.l.BrowserStackRunExtension - testng
16:19:12.999 [ApplicationImpl pooled thread 67] INFO  com.browserstack.utils.Helpers - false
16:20:00.951 [ApplicationImpl pooled thread 67] INFO  c.b.l.BrowserStackRunExtension - testng
16:20:00.952 [ApplicationImpl pooled thread 67] INFO  com.browserstack.utils.Helpers - false
16:20:14.778 [ApplicationImpl pooled thread 64] INFO  c.b.l.BrowserStackRunExtension - testng
16:20:14.779 [ApplicationImpl pooled thread 64] INFO  com.browserstack.utils.Helpers - false
16:23:10.059 [ApplicationImpl pooled thread 78] INFO  c.b.l.BrowserStackRunExtension - testng
16:23:10.060 [ApplicationImpl pooled thread 78] INFO  com.browserstack.utils.Helpers - false
16:24:59.311 [AWT-EventQueue-0] INFO  c.b.actions.EnableBrowserStack - Setting enable browserstack run update
16:24:59.312 [AWT-EventQueue-0] INFO  com.browserstack.utils.Helpers - C:/Users/Hp/.m2/repository/com/browserstack/browserstack-java-sdk/1.20.2/browserstack-java-sdk-1.20.2.jar
16:24:59.312 [AWT-EventQueue-0] INFO  com.browserstack.utils.Helpers - false
16:24:59.319 [AWT-EventQueue-0] INFO  c.b.actions.DisableBrowserStack - Setting disable browserstack run update
16:24:59.320 [AWT-EventQueue-0] INFO  com.browserstack.utils.Helpers - C:/Users/Hp/.m2/repository/com/browserstack/browserstack-java-sdk/1.20.2/browserstack-java-sdk-1.20.2.jar
16:24:59.320 [AWT-EventQueue-0] INFO  com.browserstack.utils.Helpers - false
16:24:59.832 [AWT-EventQueue-0] INFO  c.b.actions.EnableBrowserStack - Setting enable browserstack run update
16:24:59.833 [AWT-EventQueue-0] INFO  com.browserstack.utils.Helpers - C:/Users/Hp/.m2/repository/com/browserstack/browserstack-java-sdk/1.20.2/browserstack-java-sdk-1.20.2.jar
16:24:59.833 [AWT-EventQueue-0] INFO  com.browserstack.utils.Helpers - false
16:24:59.839 [AWT-EventQueue-0] INFO  c.b.actions.DisableBrowserStack - Setting disable browserstack run update
16:24:59.839 [AWT-EventQueue-0] INFO  com.browserstack.utils.Helpers - C:/Users/Hp/.m2/repository/com/browserstack/browserstack-java-sdk/1.20.2/browserstack-java-sdk-1.20.2.jar
16:24:59.840 [AWT-EventQueue-0] INFO  com.browserstack.utils.Helpers - false
16:46:57.192 [ApplicationImpl pooled thread 173] INFO  c.b.l.BrowserStackRunExtension - testng
16:46:57.193 [ApplicationImpl pooled thread 173] INFO  com.browserstack.utils.Helpers - false
17:07:23.918 [ApplicationImpl pooled thread 180] INFO  c.b.l.BrowserStackRunExtension - testng
17:07:23.918 [ApplicationImpl pooled thread 180] INFO  com.browserstack.utils.Helpers - false
17:09:21.435 [AWT-EventQueue-0] INFO  c.b.actions.EnableBrowserStack - Setting enable browserstack run update
17:09:21.435 [AWT-EventQueue-0] INFO  com.browserstack.utils.Helpers - C:/Users/Hp/.m2/repository/com/browserstack/browserstack-java-sdk/1.20.2/browserstack-java-sdk-1.20.2.jar
17:09:21.436 [AWT-EventQueue-0] INFO  com.browserstack.utils.Helpers - false
17:09:21.440 [AWT-EventQueue-0] INFO  c.b.actions.DisableBrowserStack - Setting disable browserstack run update
17:09:21.441 [AWT-EventQueue-0] INFO  com.browserstack.utils.Helpers - C:/Users/Hp/.m2/repository/com/browserstack/browserstack-java-sdk/1.20.2/browserstack-java-sdk-1.20.2.jar
17:09:21.441 [AWT-EventQueue-0] INFO  com.browserstack.utils.Helpers - false
17:09:32.642 [ApplicationImpl pooled thread 206] INFO  c.b.l.BrowserStackRunExtension - testng
17:09:32.642 [ApplicationImpl pooled thread 206] INFO  com.browserstack.utils.Helpers - false
18:31:27.143 [ApplicationImpl pooled thread 242] INFO  c.b.l.BrowserStackRunExtension - testng
18:31:27.143 [ApplicationImpl pooled thread 242] INFO  com.browserstack.utils.Helpers - false
18:35:49.621 [ApplicationImpl pooled thread 253] INFO  c.b.l.BrowserStackRunExtension - testng
18:35:49.621 [ApplicationImpl pooled thread 253] INFO  com.browserstack.utils.Helpers - false
18:44:18.201 [ApplicationImpl pooled thread 263] INFO  c.b.l.BrowserStackRunExtension - testng
18:44:18.202 [ApplicationImpl pooled thread 263] INFO  com.browserstack.utils.Helpers - false
18:52:50.876 [AWT-EventQueue-0] INFO  c.b.actions.EnableBrowserStack - Setting enable browserstack run update
18:52:50.877 [AWT-EventQueue-0] INFO  com.browserstack.utils.Helpers - C:/Users/Hp/.m2/repository/com/browserstack/browserstack-java-sdk/1.20.2/browserstack-java-sdk-1.20.2.jar
18:52:50.877 [AWT-EventQueue-0] INFO  com.browserstack.utils.Helpers - false
18:52:50.892 [AWT-EventQueue-0] INFO  c.b.actions.DisableBrowserStack - Setting disable browserstack run update
18:52:50.893 [AWT-EventQueue-0] INFO  com.browserstack.utils.Helpers - C:/Users/Hp/.m2/repository/com/browserstack/browserstack-java-sdk/1.20.2/browserstack-java-sdk-1.20.2.jar
18:52:50.893 [AWT-EventQueue-0] INFO  com.browserstack.utils.Helpers - false
18:52:52.154 [AWT-EventQueue-0] INFO  c.b.actions.EnableBrowserStack - Setting enable browserstack run update
18:52:52.155 [AWT-EventQueue-0] INFO  com.browserstack.utils.Helpers - C:/Users/Hp/.m2/repository/com/browserstack/browserstack-java-sdk/1.20.2/browserstack-java-sdk-1.20.2.jar
18:52:52.155 [AWT-EventQueue-0] INFO  com.browserstack.utils.Helpers - false
18:52:52.160 [AWT-EventQueue-0] INFO  c.b.actions.EnableBrowserStack - Enabling BrowserStack Run
18:52:52.160 [AWT-EventQueue-0] INFO  com.browserstack.utils.Helpers - setting browserstack enabled to true
18:52:56.293 [AWT-EventQueue-0] INFO  c.b.actions.EnableBrowserStack - Setting enable browserstack run update
18:52:56.302 [AWT-EventQueue-0] INFO  com.browserstack.utils.Helpers - C:/Users/Hp/.m2/repository/com/browserstack/browserstack-java-sdk/1.20.2/browserstack-java-sdk-1.20.2.jar
18:52:56.302 [AWT-EventQueue-0] INFO  com.browserstack.utils.Helpers - true
18:52:56.307 [AWT-EventQueue-0] INFO  c.b.actions.DisableBrowserStack - Setting disable browserstack run update
18:52:56.307 [AWT-EventQueue-0] INFO  com.browserstack.utils.Helpers - C:/Users/Hp/.m2/repository/com/browserstack/browserstack-java-sdk/1.20.2/browserstack-java-sdk-1.20.2.jar
18:52:56.307 [AWT-EventQueue-0] INFO  com.browserstack.utils.Helpers - true
18:53:09.751 [ApplicationImpl pooled thread 300] INFO  c.b.l.BrowserStackRunExtension - testng
18:53:09.752 [ApplicationImpl pooled thread 300] INFO  com.browserstack.utils.Helpers - true
18:53:09.752 [ApplicationImpl pooled thread 300] INFO  com.browserstack.utils.Helpers - C:/Users/Hp/.m2/repository/com/browserstack/browserstack-java-sdk/1.20.2/browserstack-java-sdk-1.20.2.jar
18:53:09.752 [ApplicationImpl pooled thread 300] INFO  c.b.l.BrowserStackRunExtension - Agent path: C:/Users/Hp/.m2/repository/com/browserstack/browserstack-java-sdk/1.20.2/browserstack-java-sdk-1.20.2.jar
18:53:09.752 [ApplicationImpl pooled thread 300] INFO  c.b.l.BrowserStackRunExtension - Plugin version: v1.1.4
17:16:04.859 [AWT-EventQueue-0] INFO  c.b.actions.EnableBrowserStack - Setting enable browserstack run update
17:16:04.862 [AWT-EventQueue-0] INFO  com.browserstack.utils.Helpers - C:/Users/Hp/.m2/repository/com/browserstack/browserstack-java-sdk/1.20.2/browserstack-java-sdk-1.20.2.jar
17:16:04.862 [AWT-EventQueue-0] INFO  com.browserstack.utils.Helpers - true
17:16:04.870 [AWT-EventQueue-0] INFO  c.b.actions.DisableBrowserStack - Setting disable browserstack run update
17:16:04.870 [AWT-EventQueue-0] INFO  com.browserstack.utils.Helpers - C:/Users/Hp/.m2/repository/com/browserstack/browserstack-java-sdk/1.20.2/browserstack-java-sdk-1.20.2.jar
17:16:04.870 [AWT-EventQueue-0] INFO  com.browserstack.utils.Helpers - true
17:16:06.576 [AWT-EventQueue-0] INFO  c.b.actions.DisableBrowserStack - Setting disable browserstack run update
17:16:06.578 [AWT-EventQueue-0] INFO  com.browserstack.utils.Helpers - C:/Users/Hp/.m2/repository/com/browserstack/browserstack-java-sdk/1.20.2/browserstack-java-sdk-1.20.2.jar
17:16:06.578 [AWT-EventQueue-0] INFO  com.browserstack.utils.Helpers - true
17:16:06.585 [AWT-EventQueue-0] INFO  c.b.actions.DisableBrowserStack - Disabling BrowserStack Run
17:16:06.585 [AWT-EventQueue-0] INFO  com.browserstack.utils.Helpers - setting browserstack enabled to false
17:16:11.375 [AWT-EventQueue-0] INFO  c.b.actions.EnableBrowserStack - Setting enable browserstack run update
17:16:11.376 [AWT-EventQueue-0] INFO  com.browserstack.utils.Helpers - C:/Users/Hp/.m2/repository/com/browserstack/browserstack-java-sdk/1.20.2/browserstack-java-sdk-1.20.2.jar
17:16:11.376 [AWT-EventQueue-0] INFO  com.browserstack.utils.Helpers - false
17:16:11.383 [AWT-EventQueue-0] INFO  c.b.actions.DisableBrowserStack - Setting disable browserstack run update
17:16:11.383 [AWT-EventQueue-0] INFO  com.browserstack.utils.Helpers - C:/Users/Hp/.m2/repository/com/browserstack/browserstack-java-sdk/1.20.2/browserstack-java-sdk-1.20.2.jar
17:16:11.383 [AWT-EventQueue-0] INFO  com.browserstack.utils.Helpers - false
19:01:32.715 [ApplicationImpl pooled thread 283] INFO  c.b.l.BrowserStackRunExtension - testng
19:01:32.715 [ApplicationImpl pooled thread 283] INFO  com.browserstack.utils.Helpers - false
19:17:29.618 [ApplicationImpl pooled thread 327] INFO  c.b.l.BrowserStackRunExtension - testng
19:17:29.618 [ApplicationImpl pooled thread 327] INFO  com.browserstack.utils.Helpers - false
19:22:36.549 [ApplicationImpl pooled thread 350] INFO  c.b.l.BrowserStackRunExtension - testng
19:22:36.549 [ApplicationImpl pooled thread 350] INFO  com.browserstack.utils.Helpers - false
20:29:48.535 [ApplicationImpl pooled thread 187] INFO  c.b.l.BrowserStackRunExtension - testng
20:29:48.538 [ApplicationImpl pooled thread 187] INFO  com.browserstack.utils.Helpers - false
20:30:26.546 [ApplicationImpl pooled thread 193] INFO  c.b.l.BrowserStackRunExtension - testng
20:30:26.546 [ApplicationImpl pooled thread 193] INFO  com.browserstack.utils.Helpers - false
20:32:37.834 [ApplicationImpl pooled thread 198] INFO  c.b.l.BrowserStackRunExtension - testng
20:32:37.834 [ApplicationImpl pooled thread 198] INFO  com.browserstack.utils.Helpers - false
20:37:53.877 [ApplicationImpl pooled thread 210] INFO  c.b.l.BrowserStackRunExtension - testng
20:37:53.878 [ApplicationImpl pooled thread 210] INFO  com.browserstack.utils.Helpers - false
20:48:26.332 [ApplicationImpl pooled thread 232] INFO  c.b.l.BrowserStackRunExtension - testng
20:48:26.333 [ApplicationImpl pooled thread 232] INFO  com.browserstack.utils.Helpers - false
20:49:17.965 [ApplicationImpl pooled thread 232] INFO  c.b.l.BrowserStackRunExtension - testng
20:49:17.965 [ApplicationImpl pooled thread 232] INFO  com.browserstack.utils.Helpers - false
20:49:59.702 [ApplicationImpl pooled thread 220] INFO  c.b.l.BrowserStackRunExtension - testng
20:49:59.702 [ApplicationImpl pooled thread 220] INFO  com.browserstack.utils.Helpers - false
20:51:58.113 [ApplicationImpl pooled thread 240] INFO  c.b.l.BrowserStackRunExtension - testng
20:51:58.113 [ApplicationImpl pooled thread 240] INFO  com.browserstack.utils.Helpers - false
20:58:02.121 [ApplicationImpl pooled thread 249] INFO  c.b.l.BrowserStackRunExtension - testng
20:58:02.121 [ApplicationImpl pooled thread 249] INFO  com.browserstack.utils.Helpers - false
20:59:40.411 [ApplicationImpl pooled thread 251] INFO  c.b.l.BrowserStackRunExtension - testng
20:59:40.411 [ApplicationImpl pooled thread 251] INFO  com.browserstack.utils.Helpers - false
21:02:16.629 [ApplicationImpl pooled thread 266] INFO  c.b.l.BrowserStackRunExtension - testng
21:02:16.629 [ApplicationImpl pooled thread 266] INFO  com.browserstack.utils.Helpers - false
21:31:06.764 [ApplicationImpl pooled thread 279] INFO  c.b.l.BrowserStackRunExtension - testng
21:31:06.765 [ApplicationImpl pooled thread 279] INFO  com.browserstack.utils.Helpers - false
22:07:30.141 [ApplicationImpl pooled thread 304] INFO  c.b.l.BrowserStackRunExtension - testng
22:07:30.142 [ApplicationImpl pooled thread 304] INFO  com.browserstack.utils.Helpers - false
22:56:11.568 [ApplicationImpl pooled thread 327] INFO  c.b.l.BrowserStackRunExtension - testng
22:56:11.569 [ApplicationImpl pooled thread 327] INFO  com.browserstack.utils.Helpers - false
23:04:58.915 [ApplicationImpl pooled thread 347] INFO  c.b.l.BrowserStackRunExtension - testng
23:04:58.915 [ApplicationImpl pooled thread 347] INFO  com.browserstack.utils.Helpers - false
23:11:22.357 [ApplicationImpl pooled thread 357] INFO  c.b.l.BrowserStackRunExtension - testng
23:11:22.357 [ApplicationImpl pooled thread 357] INFO  com.browserstack.utils.Helpers - false
16:47:31.435 [ApplicationImpl pooled thread 54] INFO  c.b.l.BrowserStackRunExtension - testng
16:47:31.437 [ApplicationImpl pooled thread 54] INFO  com.browserstack.utils.Helpers - false
19:26:52.760 [ApplicationImpl pooled thread 119] INFO  c.b.l.BrowserStackRunExtension - testng
19:26:52.761 [ApplicationImpl pooled thread 119] INFO  com.browserstack.utils.Helpers - false
19:38:33.093 [ApplicationImpl pooled thread 133] INFO  c.b.l.BrowserStackRunExtension - testng
19:38:33.093 [ApplicationImpl pooled thread 133] INFO  com.browserstack.utils.Helpers - false
19:47:51.460 [ApplicationImpl pooled thread 146] INFO  c.b.l.BrowserStackRunExtension - testng
19:47:51.460 [ApplicationImpl pooled thread 146] INFO  com.browserstack.utils.Helpers - false
19:53:52.848 [ApplicationImpl pooled thread 155] INFO  c.b.l.BrowserStackRunExtension - testng
19:53:52.848 [ApplicationImpl pooled thread 155] INFO  com.browserstack.utils.Helpers - false
20:03:02.694 [ApplicationImpl pooled thread 168] INFO  c.b.l.BrowserStackRunExtension - testng
20:03:02.694 [ApplicationImpl pooled thread 168] INFO  com.browserstack.utils.Helpers - false
20:04:58.760 [ApplicationImpl pooled thread 179] INFO  c.b.l.BrowserStackRunExtension - testng
20:04:58.760 [ApplicationImpl pooled thread 179] INFO  com.browserstack.utils.Helpers - false
20:08:10.409 [ApplicationImpl pooled thread 181] INFO  c.b.l.BrowserStackRunExtension - testng
20:08:10.409 [ApplicationImpl pooled thread 181] INFO  com.browserstack.utils.Helpers - false
22:39:19.990 [AWT-EventQueue-0] INFO  c.b.actions.DisableBrowserStack - Setting disable browserstack run update
22:39:19.991 [AWT-EventQueue-0] INFO  com.browserstack.utils.Helpers - C:/Users/Hp/.m2/repository/com/browserstack/browserstack-java-sdk/1.20.2/browserstack-java-sdk-1.20.2.jar
22:39:19.991 [AWT-EventQueue-0] INFO  com.browserstack.utils.Helpers - false
22:39:20.068 [AWT-EventQueue-0] INFO  c.b.actions.EnableBrowserStack - Setting enable browserstack run update
22:39:20.068 [AWT-EventQueue-0] INFO  com.browserstack.utils.Helpers - C:/Users/Hp/.m2/repository/com/browserstack/browserstack-java-sdk/1.20.2/browserstack-java-sdk-1.20.2.jar
22:39:20.068 [AWT-EventQueue-0] INFO  com.browserstack.utils.Helpers - false
22:39:20.122 [AWT-EventQueue-0] INFO  c.b.actions.EnableBrowserStack - Setting enable browserstack run update
22:39:20.122 [AWT-EventQueue-0] INFO  com.browserstack.utils.Helpers - C:/Users/Hp/.m2/repository/com/browserstack/browserstack-java-sdk/1.20.2/browserstack-java-sdk-1.20.2.jar
22:39:20.122 [AWT-EventQueue-0] INFO  com.browserstack.utils.Helpers - false
22:39:20.131 [AWT-EventQueue-0] INFO  c.b.actions.DisableBrowserStack - Setting disable browserstack run update
22:39:20.131 [AWT-EventQueue-0] INFO  com.browserstack.utils.Helpers - C:/Users/Hp/.m2/repository/com/browserstack/browserstack-java-sdk/1.20.2/browserstack-java-sdk-1.20.2.jar
22:39:20.131 [AWT-EventQueue-0] INFO  com.browserstack.utils.Helpers - false
22:57:37.293 [ApplicationImpl pooled thread 279] INFO  c.b.l.BrowserStackRunExtension - testng
22:57:37.293 [ApplicationImpl pooled thread 279] INFO  com.browserstack.utils.Helpers - false
22:59:58.307 [ApplicationImpl pooled thread 285] INFO  c.b.l.BrowserStackRunExtension - testng
22:59:58.308 [ApplicationImpl pooled thread 285] INFO  com.browserstack.utils.Helpers - false
23:01:46.173 [ApplicationImpl pooled thread 285] INFO  c.b.l.BrowserStackRunExtension - testng
23:01:46.173 [ApplicationImpl pooled thread 285] INFO  com.browserstack.utils.Helpers - false
23:06:10.935 [ApplicationImpl pooled thread 298] INFO  c.b.l.BrowserStackRunExtension - testng
23:06:10.935 [ApplicationImpl pooled thread 298] INFO  com.browserstack.utils.Helpers - false
23:07:14.347 [ApplicationImpl pooled thread 297] INFO  c.b.l.BrowserStackRunExtension - testng
23:07:14.347 [ApplicationImpl pooled thread 297] INFO  com.browserstack.utils.Helpers - false
23:10:25.782 [ApplicationImpl pooled thread 308] INFO  c.b.l.BrowserStackRunExtension - testng
23:10:25.782 [ApplicationImpl pooled thread 308] INFO  com.browserstack.utils.Helpers - false
23:11:30.113 [ApplicationImpl pooled thread 305] INFO  c.b.l.BrowserStackRunExtension - testng
23:11:30.113 [ApplicationImpl pooled thread 305] INFO  com.browserstack.utils.Helpers - false
23:14:54.417 [ApplicationImpl pooled thread 316] INFO  c.b.l.BrowserStackRunExtension - testng
23:14:54.417 [ApplicationImpl pooled thread 316] INFO  com.browserstack.utils.Helpers - false
23:15:45.302 [ApplicationImpl pooled thread 316] INFO  c.b.l.BrowserStackRunExtension - testng
23:15:45.302 [ApplicationImpl pooled thread 316] INFO  com.browserstack.utils.Helpers - false
23:16:30.712 [ApplicationImpl pooled thread 316] INFO  c.b.l.BrowserStackRunExtension - testng
23:16:30.712 [ApplicationImpl pooled thread 316] INFO  com.browserstack.utils.Helpers - false
23:17:37.597 [ApplicationImpl pooled thread 316] INFO  c.b.l.BrowserStackRunExtension - testng
23:17:37.597 [ApplicationImpl pooled thread 316] INFO  com.browserstack.utils.Helpers - false
23:19:37.925 [ApplicationImpl pooled thread 324] INFO  c.b.l.BrowserStackRunExtension - testng
23:19:37.926 [ApplicationImpl pooled thread 324] INFO  com.browserstack.utils.Helpers - false
00:02:16.265 [ApplicationImpl pooled thread 404] INFO  c.b.l.BrowserStackRunExtension - testng
00:02:16.267 [ApplicationImpl pooled thread 404] INFO  com.browserstack.utils.Helpers - false
00:04:57.616 [ApplicationImpl pooled thread 408] INFO  c.b.l.BrowserStackRunExtension - testng
00:04:57.616 [ApplicationImpl pooled thread 408] INFO  com.browserstack.utils.Helpers - false
00:08:09.292 [ApplicationImpl pooled thread 420] INFO  c.b.l.BrowserStackRunExtension - testng
00:08:09.292 [ApplicationImpl pooled thread 420] INFO  com.browserstack.utils.Helpers - false
00:14:26.266 [ApplicationImpl pooled thread 432] INFO  c.b.l.BrowserStackRunExtension - testng
00:14:26.274 [ApplicationImpl pooled thread 432] INFO  com.browserstack.utils.Helpers - false
00:16:36.806 [ApplicationImpl pooled thread 434] INFO  c.b.l.BrowserStackRunExtension - testng
00:16:36.806 [ApplicationImpl pooled thread 434] INFO  com.browserstack.utils.Helpers - false
00:17:03.418 [ApplicationImpl pooled thread 428] INFO  c.b.l.BrowserStackRunExtension - testng
00:17:03.418 [ApplicationImpl pooled thread 428] INFO  com.browserstack.utils.Helpers - false
19:11:51.703 [ApplicationImpl pooled thread 28] INFO  c.b.l.BrowserStackRunExtension - testng
19:11:51.705 [ApplicationImpl pooled thread 28] INFO  com.browserstack.utils.Helpers - false
19:34:28.110 [ApplicationImpl pooled thread 6] INFO  c.b.l.BrowserStackRunExtension - testng
19:34:28.110 [ApplicationImpl pooled thread 6] INFO  com.browserstack.utils.Helpers - false
19:37:08.928 [ApplicationImpl pooled thread 34] INFO  c.b.l.BrowserStackRunExtension - testng
19:37:08.928 [ApplicationImpl pooled thread 34] INFO  com.browserstack.utils.Helpers - false
23:27:34.162 [ApplicationImpl pooled thread 140] INFO  c.b.l.BrowserStackRunExtension - testng
23:27:34.162 [ApplicationImpl pooled thread 140] INFO  com.browserstack.utils.Helpers - false
23:30:21.647 [ApplicationImpl pooled thread 154] INFO  c.b.l.BrowserStackRunExtension - testng
23:30:21.647 [ApplicationImpl pooled thread 154] INFO  com.browserstack.utils.Helpers - false
23:31:10.391 [ApplicationImpl pooled thread 154] INFO  c.b.l.BrowserStackRunExtension - testng
23:31:10.391 [ApplicationImpl pooled thread 154] INFO  com.browserstack.utils.Helpers - false
23:32:37.639 [ApplicationImpl pooled thread 164] INFO  c.b.l.BrowserStackRunExtension - testng
23:32:37.639 [ApplicationImpl pooled thread 164] INFO  com.browserstack.utils.Helpers - false
23:34:07.149 [ApplicationImpl pooled thread 166] INFO  c.b.l.BrowserStackRunExtension - testng
23:34:07.149 [ApplicationImpl pooled thread 166] INFO  com.browserstack.utils.Helpers - false
23:34:24.404 [ApplicationImpl pooled thread 167] INFO  c.b.l.BrowserStackRunExtension - testng
23:34:24.404 [ApplicationImpl pooled thread 167] INFO  com.browserstack.utils.Helpers - false
00:09:11.087 [ApplicationImpl pooled thread 260] INFO  c.b.l.BrowserStackRunExtension - testng
00:09:11.088 [ApplicationImpl pooled thread 260] INFO  com.browserstack.utils.Helpers - false
00:10:06.648 [ApplicationImpl pooled thread 260] INFO  c.b.l.BrowserStackRunExtension - testng
00:10:06.648 [ApplicationImpl pooled thread 260] INFO  com.browserstack.utils.Helpers - false
00:12:39.846 [ApplicationImpl pooled thread 262] INFO  c.b.l.BrowserStackRunExtension - testng
00:12:39.846 [ApplicationImpl pooled thread 262] INFO  com.browserstack.utils.Helpers - false
00:15:20.727 [ApplicationImpl pooled thread 254] INFO  c.b.l.BrowserStackRunExtension - testng
00:15:20.727 [ApplicationImpl pooled thread 254] INFO  com.browserstack.utils.Helpers - false
00:16:55.852 [ApplicationImpl pooled thread 275] INFO  c.b.l.BrowserStackRunExtension - testng
00:16:55.852 [ApplicationImpl pooled thread 275] INFO  com.browserstack.utils.Helpers - false
00:25:40.732 [ApplicationImpl pooled thread 297] INFO  c.b.l.BrowserStackRunExtension - testng
00:25:40.732 [ApplicationImpl pooled thread 297] INFO  com.browserstack.utils.Helpers - false
00:27:45.891 [ApplicationImpl pooled thread 297] INFO  c.b.l.BrowserStackRunExtension - testng
00:27:45.891 [ApplicationImpl pooled thread 297] INFO  com.browserstack.utils.Helpers - false
00:30:17.154 [ApplicationImpl pooled thread 311] INFO  c.b.l.BrowserStackRunExtension - testng
00:30:17.154 [ApplicationImpl pooled thread 311] INFO  com.browserstack.utils.Helpers - false
00:53:13.595 [ApplicationImpl pooled thread 359] INFO  c.b.l.BrowserStackRunExtension - testng
00:53:13.595 [ApplicationImpl pooled thread 359] INFO  com.browserstack.utils.Helpers - false
01:01:44.846 [ApplicationImpl pooled thread 375] INFO  c.b.l.BrowserStackRunExtension - testng
01:01:44.846 [ApplicationImpl pooled thread 375] INFO  com.browserstack.utils.Helpers - false
01:05:16.358 [ApplicationImpl pooled thread 380] INFO  c.b.l.BrowserStackRunExtension - testng
01:05:16.358 [ApplicationImpl pooled thread 380] INFO  com.browserstack.utils.Helpers - false
01:11:26.058 [ApplicationImpl pooled thread 388] INFO  c.b.l.BrowserStackRunExtension - testng
01:11:26.058 [ApplicationImpl pooled thread 388] INFO  com.browserstack.utils.Helpers - false
01:14:24.053 [ApplicationImpl pooled thread 404] INFO  c.b.l.BrowserStackRunExtension - testng
01:14:24.053 [ApplicationImpl pooled thread 404] INFO  com.browserstack.utils.Helpers - false
01:15:50.571 [ApplicationImpl pooled thread 402] INFO  c.b.l.BrowserStackRunExtension - testng
01:15:50.571 [ApplicationImpl pooled thread 402] INFO  com.browserstack.utils.Helpers - false
01:16:19.949 [ApplicationImpl pooled thread 399] INFO  c.b.l.BrowserStackRunExtension - testng
01:16:19.949 [ApplicationImpl pooled thread 399] INFO  com.browserstack.utils.Helpers - false
01:17:41.092 [ApplicationImpl pooled thread 409] INFO  c.b.l.BrowserStackRunExtension - testng
01:17:41.092 [ApplicationImpl pooled thread 409] INFO  com.browserstack.utils.Helpers - false
01:20:02.175 [ApplicationImpl pooled thread 415] INFO  c.b.l.BrowserStackRunExtension - testng
01:20:02.176 [ApplicationImpl pooled thread 415] INFO  com.browserstack.utils.Helpers - false
01:22:29.018 [ApplicationImpl pooled thread 409] INFO  c.b.l.BrowserStackRunExtension - testng
01:22:29.018 [ApplicationImpl pooled thread 409] INFO  com.browserstack.utils.Helpers - false
01:25:01.310 [ApplicationImpl pooled thread 424] INFO  c.b.l.BrowserStackRunExtension - testng
01:25:01.311 [ApplicationImpl pooled thread 424] INFO  com.browserstack.utils.Helpers - false
01:27:07.266 [ApplicationImpl pooled thread 433] INFO  c.b.l.BrowserStackRunExtension - testng
01:27:07.266 [ApplicationImpl pooled thread 433] INFO  com.browserstack.utils.Helpers - false
01:28:28.326 [ApplicationImpl pooled thread 443] INFO  c.b.l.BrowserStackRunExtension - testng
01:28:28.326 [ApplicationImpl pooled thread 443] INFO  com.browserstack.utils.Helpers - false
01:28:29.556 [ApplicationImpl pooled thread 441] INFO  c.b.l.BrowserStackRunExtension - testng
01:28:29.556 [ApplicationImpl pooled thread 441] INFO  com.browserstack.utils.Helpers - false
01:28:52.266 [ApplicationImpl pooled thread 438] INFO  c.b.l.BrowserStackRunExtension - testng
01:28:52.267 [ApplicationImpl pooled thread 438] INFO  com.browserstack.utils.Helpers - false
01:29:44.425 [ApplicationImpl pooled thread 432] INFO  c.b.l.BrowserStackRunExtension - testng
01:29:44.426 [ApplicationImpl pooled thread 432] INFO  com.browserstack.utils.Helpers - false
01:29:56.319 [ApplicationImpl pooled thread 437] INFO  c.b.l.BrowserStackRunExtension - testng
01:29:56.319 [ApplicationImpl pooled thread 437] INFO  com.browserstack.utils.Helpers - false
01:30:36.110 [ApplicationImpl pooled thread 448] INFO  c.b.l.BrowserStackRunExtension - testng
01:30:36.110 [ApplicationImpl pooled thread 448] INFO  com.browserstack.utils.Helpers - false
01:31:23.443 [ApplicationImpl pooled thread 450] INFO  c.b.l.BrowserStackRunExtension - testng
01:31:23.443 [ApplicationImpl pooled thread 450] INFO  com.browserstack.utils.Helpers - false
01:33:06.340 [ApplicationImpl pooled thread 454] INFO  c.b.l.BrowserStackRunExtension - testng
01:33:06.341 [ApplicationImpl pooled thread 454] INFO  com.browserstack.utils.Helpers - false
12:08:47.261 [ApplicationImpl pooled thread 2] INFO  c.b.l.BrowserStackRunExtension - testng
12:08:47.265 [ApplicationImpl pooled thread 2] INFO  com.browserstack.utils.Helpers - false
12:14:01.120 [ApplicationImpl pooled thread 38] INFO  c.b.l.BrowserStackRunExtension - testng
12:14:01.120 [ApplicationImpl pooled thread 38] INFO  com.browserstack.utils.Helpers - false
13:26:42.352 [ApplicationImpl pooled thread 56] INFO  c.b.l.BrowserStackRunExtension - testng
13:26:42.352 [ApplicationImpl pooled thread 56] INFO  com.browserstack.utils.Helpers - false
13:28:12.700 [ApplicationImpl pooled thread 67] INFO  c.b.l.BrowserStackRunExtension - testng
13:28:12.700 [ApplicationImpl pooled thread 67] INFO  com.browserstack.utils.Helpers - false
13:29:20.334 [ApplicationImpl pooled thread 76] INFO  c.b.l.BrowserStackRunExtension - testng
13:29:20.335 [ApplicationImpl pooled thread 76] INFO  com.browserstack.utils.Helpers - false
13:33:14.106 [ApplicationImpl pooled thread 75] INFO  c.b.l.BrowserStackRunExtension - testng
13:33:14.106 [ApplicationImpl pooled thread 75] INFO  com.browserstack.utils.Helpers - false
13:35:14.712 [ApplicationImpl pooled thread 75] INFO  c.b.l.BrowserStackRunExtension - testng
13:35:14.712 [ApplicationImpl pooled thread 75] INFO  com.browserstack.utils.Helpers - false
13:40:15.735 [ApplicationImpl pooled thread 100] INFO  c.b.l.BrowserStackRunExtension - testng
13:40:15.736 [ApplicationImpl pooled thread 100] INFO  com.browserstack.utils.Helpers - false
13:41:03.391 [ApplicationImpl pooled thread 103] INFO  c.b.l.BrowserStackRunExtension - testng
13:41:03.391 [ApplicationImpl pooled thread 103] INFO  com.browserstack.utils.Helpers - false
13:42:12.224 [ApplicationImpl pooled thread 103] INFO  c.b.l.BrowserStackRunExtension - testng
13:42:12.226 [ApplicationImpl pooled thread 103] INFO  com.browserstack.utils.Helpers - false
13:44:23.496 [ApplicationImpl pooled thread 115] INFO  c.b.l.BrowserStackRunExtension - testng
13:44:23.498 [ApplicationImpl pooled thread 115] INFO  com.browserstack.utils.Helpers - false
13:50:48.008 [ApplicationImpl pooled thread 123] INFO  c.b.l.BrowserStackRunExtension - testng
13:50:48.008 [ApplicationImpl pooled thread 123] INFO  com.browserstack.utils.Helpers - false
